Microchip MPLAB XC8 Compiler V1.41 ()

Linker command line:

-W-3 --edf=C:\Program Files (x86)\Microchip\xc8\v1.41\dat\en_msgs.txt -cs \
  -h+dist/default/production\display.X.production.sym \
  --cmf=dist/default/production\display.X.production.cmf -z -Q18F4450 \
  -oC:\Users\User\AppData\Local\Temp\sakg.2 \
  -Mdist/default/production/display.X.production.map -E1 -ver=XC8 \
  -ASTACK=060h-01ffh -pstack=STACK -ACODE=00h-03FFFh -ACONST=00h-03FFFh \
  -ASMALLCONST=0500h-05FFhx59 -AMEDIUMCONST=0500h-03FFFh -ACOMRAM=01h-05Fh \
  -AABS1=00h-01FFh,0400h-04FFh -ABIGRAM=01h-01FFh,0400h-04FFh \
  -ARAM=060h-0FFh,0100h-01FFh,0400h-04FFh -ABANK0=060h-0FFh \
  -ABANK1=0100h-01FFh -ABANK4=0400h-04FFh -ASFR=0F60h-0FFFh \
  -preset_vec=00h,intcode,intcodelo=018h,powerup,init -pramtop=0500h \
  -psmallconst=SMALLCONST -pmediumconst=MEDIUMCONST -pconst=CONST \
  -AFARRAM=00h-00h -ACONFIG=0300000h-030000Dh -pconfig=CONFIG \
  -AIDLOC=0200000h-0200007h -pidloc=IDLOC \
  -prdata=COMRAM,nvrram=COMRAM,nvbit=COMRAM,rbss=COMRAM,rbit=COMRAM \
  -pfarbss=FARRAM,fardata=FARRAM,nvFARRAM=FARRAM \
  -pintsave_regs=BIGRAM,bigbss=BIGRAM,bigdata=BIGRAM -pbss=RAM \
  -pidata=CODE,irdata=CODE,ibigdata=CODE,ifardata=CODE -prparam=COMRAM \
  C:\Users\User\AppData\Local\Temp\sakg.obj \
  dist/default/production\display.X.production.obj 

Object code version is 3.11

Machine type is 18F4450

Call graph: (short form)




                Name                               Link     Load   Length Selector   Space Scale
C:\Users\User\AppData\Local\Temp\sakg.obj
                init                                 EC       EC        4        C       0
                reset_vec                             0        0        4        0       0
                idloc                            200000   200000        8   200000       0
                config                           300000   300000        E   300000       0
dist/default/production\display.X.production.obj
                intcodelo                            18       18       D4        C       0
                temp                                 14       14        1        1       1
                smallconst                          500      500        C      280       0
                text0                               50C      50C       2A      286       0
                cstackCOMRAM                          1        1       11        1       1
                bssCOMRAM                            12       12        2        1       1
                cinit                               536      536       16      286       0

TOTAL           Name                               Link     Load   Length     Space
        CLASS   STACK          

        CLASS   CODE           
                intcodelo                            18       18       D4         0
                init                                 EC       EC        4         0
                reset_vec                             0        0        4         0
                text0                               50C      50C       2A         0
                cinit                               536      536       16         0

        CLASS   CONST          

        CLASS   SMALLCONST     
                smallconst                          500      500        C         0

        CLASS   MEDIUMCONST    

        CLASS   COMRAM         
                temp                                 14       14        1         1
                cstackCOMRAM                          1        1       11         1
                bssCOMRAM                            12       12        2         1

        CLASS   ABS1           

        CLASS   BIGRAM         

        CLASS   RAM            

        CLASS   BANK0          

        CLASS   BANK1          

        CLASS   BANK4          

        CLASS   SFR            

        CLASS   FARRAM         

        CLASS   CONFIG         
                config                           300000   300000        E         0

        CLASS   IDLOC          
                idloc                            200000   200000        8         0



SEGMENTS        Name                           Load    Length   Top    Selector   Space  Class

                reset_vec                      000000  000004  000004         0       0  CODE    
                cstackCOMRAM                   000001  000014  000015         1       1  COMRAM  
                intcodelo                      000018  0000D8  0000F0         C       0  CODE    
                smallconst                     000500  00000C  00050C       280       0  SMALLCON
                text0                          00050C  000040  00054C       286       0  CODE    
                idloc                          200000  000008  200008    200000       0  IDLOC   
                config                         300000  00000E  30000E    300000       0  CONFIG  


UNUSED ADDRESS RANGES

        Name                Unused          Largest block    Delta
        BANK0            000060-0000FF               A0
        BANK1            000100-0001FF              100
        BANK4            000400-0004FF              100
        BIGRAM           000015-0001FF              1EB
                         000400-0004FF              100
        CODE             000004-000017               14
                         0000F0-0004FF              410
                         00054C-003FFF             3AB4
        COMRAM           000015-00005F               4B
        CONST            000004-000017               14
                         0000F0-0004FF              410
                         00054C-003FFF             3AB4
        MEDIUMCONST      00054C-003FFF             3AB4
        RAM              000060-0001FF               A0
                         000400-0004FF              100
        SFR              000F60-000FFF               A0
        SMALLCONST       00054C-003FFF              100
        STACK            000060-0001FF              1A0

                                  Symbol Table

_ADCON1                  (abs)        000FC1
_INTCONbits              (abs)        000FF2
_PORTB                   (abs)        000F81
_T0CONbits               (abs)        000FD5
_TMR0                    (abs)        000FD6
_TMR0IF                  (abs)        007F92
_TRISB                   (abs)        000F93
__CFG_PBADEN$OFF         (abs)        000000
__HRAM                   (abs)        000000
__Habs1                  abs1         000000
__Hbank0                 bank0        000000
__Hbank1                 bank1        000000
__Hbank4                 bank4        000000
__Hbigbss                bigbss       000000
__Hbigdata               bigdata      000000
__Hbigram                bigram       000000
__Hbss                   bss          000000
__HbssCOMRAM             bssCOMRAM    000000
__Hcinit                 cinit        000000
__Hclrtext               clrtext      000000
__Hcomram                comram       000000
__Hconfig                config       30000E
__Hconst                 const        000000
__HcstackCOMRAM          cstackCOMRAM 000000
__Hdata                  data         000000
__Hfarbss                farbss       000000
__Hfardata               fardata      000000
__Hibigdata              ibigdata     000000
__Hidata                 idata        000000
__Hidloc                 idloc        200008
__Hifardata              ifardata     000000
__Hinit                  init         0000F0
__Hintcode               intcode      000004
__Hintcode_body          intcode_body 000000
__Hintcodelo             intcodelo    0000EC
__Hintentry              intentry     000000
__Hintret                intret       000000
__Hintsave_regs          intsave_regs 000000
__Hirdata                irdata       000000
__Hmediumconst           mediumconst  000000
__HnvFARRAM              nvFARRAM     000000
__Hnvbit                 nvbit        000000
__Hnvrram                nvrram       000000
__Hparam                 rparam       000000
__Hpowerup               powerup      0000EC
__Hram                   ram          000000
__Hramtop                ramtop       000500
__Hrbit                  rbit         000000
__Hrbss                  rbss         000000
__Hrdata                 rdata        000000
__Hreset_vec             reset_vec    000004
__Hrparam                rparam       000000
__Hsfr                   sfr          000000
__Hsmallconst            smallconst   00050C
__Hspace_0               (abs)        30000E
__Hspace_1               (abs)        000015
__Hspace_2               (abs)        000000
__Hstack                 stack        000000
__Hstruct                struct       000000
__Htemp                  temp         000015
__Htext                  text         000000
__Htext0                 text0        000000
__LRAM                   (abs)        000001
__Labs1                  abs1         000000
__Lbank0                 bank0        000000
__Lbank1                 bank1        000000
__Lbank4                 bank4        000000
__Lbigbss                bigbss       000000
__Lbigdata               bigdata      000000
__Lbigram                bigram       000000
__Lbss                   bss          000000
__LbssCOMRAM             bssCOMRAM    000000
__Lcinit                 cinit        000000
__Lclrtext               clrtext      000000
__Lcomram                comram       000000
__Lconfig                config       300000
__Lconst                 const        000000
__LcstackCOMRAM          cstackCOMRAM 000000
__Ldata                  data         000000
__Lfarbss                farbss       000000
__Lfardata               fardata      000000
__Libigdata              ibigdata     000000
__Lidata                 idata        000000
__Lidloc                 idloc        200000
__Lifardata              ifardata     000000
__Linit                  init         0000EC
__Lintcode               intcode      000004
__Lintcode_body          intcode_body 000000
__Lintcodelo             intcodelo    000018
__Lintentry              intentry     000000
__Lintret                intret       000000
__Lintsave_regs          intsave_regs 000000
__Lirdata                irdata       000000
__Lmediumconst           mediumconst  000000
__LnvFARRAM              nvFARRAM     000000
__Lnvbit                 nvbit        000000
__Lnvrram                nvrram       000000
__Lparam                 rparam       000000
__Lpowerup               powerup      0000EC
__Lram                   ram          000000
__Lramtop                ramtop       000500
__Lrbit                  rbit         000000
__Lrbss                  rbss         000000
__Lrdata                 rdata        000000
__Lreset_vec             reset_vec    000000
__Lrparam                rparam       000000
__Lsfr                   sfr          000000
__Lsmallconst            smallconst   000500
__Lspace_0               (abs)        000000
__Lspace_1               (abs)        000000
__Lspace_2               (abs)        000000
__Lstack                 stack        000000
__Lstruct                struct       000000
__Ltemp                  temp         000014
__Ltext                  text         000000
__Ltext0                 text0        000000
__S0                     (abs)        30000E
__S1                     (abs)        000015
__S2                     (abs)        000000
___inthi_sp              stack        000000
___intlo_sp              stack        000000
___param_bank            (abs)        000000
___rparam_used           (abs)        000001
___sp                    stack        000000
__accesstop              (abs)        000060
__activetblptr           (abs)        000001
__end_of__initialization cinit        00053A
__end_of_display         smallconst   00050B
__end_of_main            text0        000536
__end_of_pic_isr         intcodelo    0000EC
__initialization         cinit        000536
__mediumconst            mediumconst  000000
__pbssCOMRAM             bssCOMRAM    000012
__pcinit                 cinit        000536
__pcstackCOMRAM          cstackCOMRAM 000001
__pintcodelo             intcodelo    000018
__psmallconst            smallconst   000500
__ptext0                 text0        00050C
__ramtop                 ramtop       000500
__size_of_main           (abs)        000000
__size_of_pic_isr        (abs)        000000
__smallconst             smallconst   000500
_display                 smallconst   000501
_main                    text0        00050C
_pic_isr                 intcodelo    000018
_x                       bssCOMRAM    000012
btemp                    temp         000014
end_of_initialization    cinit        00053A
int$flags                temp         000014
intlevel0                text         000000
intlevel1                text         000000
intlevel2                text         000000
intlevel3                text         000000
stackhi                  (abs)        0001FF
stacklo                  (abs)        000060
start                    init         0000EC
start_initialization     cinit        000536


FUNCTION INFORMATION:

 *************** function _main *****************
 Defined at:
		line 43 in file "main.c"
 Parameters:    Size  Location     Type
		None
 Auto vars:     Size  Location     Type
		None
 Return value:  Size  Location     Type
                  1    wreg      void 
 Registers used:
		wreg, status,2
 Tracked objects:
		On entry : 
		On exit  : 
		Unchanged: 
 Data sizes:     COMRAM   BANK0   BANK1   BANK4
      Params:         0       0       0       0
      Locals:         0       0       0       0
      Temps:          0       0       0       0
      Totals:         0       0       0       0
Total ram usage:        0 bytes
 Hardware stack levels required when called:    1
 This function calls:
		Nothing
 This function is called by:
		Startup code after reset
 This function uses a non-reentrant model


 *************** function _pic_isr *****************
 Defined at:
		line 29 in file "main.c"
 Parameters:    Size  Location     Type
		None
 Auto vars:     Size  Location     Type
		None
 Return value:  Size  Location     Type
                  1    wreg      void 
 Registers used:
		wreg, status,2, status,0, tblptrl, tblptrh, tblptru
 Tracked objects:
		On entry : 
		On exit  : 
		Unchanged: 
 Data sizes:     COMRAM   BANK0   BANK1   BANK4
      Params:         0       0       0       0
      Locals:         0       0       0       0
      Temps:         17       0       0       0
      Totals:        17       0       0       0
Total ram usage:       17 bytes
 Hardware stack levels used:    1
 This function calls:
		Nothing
 This function is called by:
		Interrupt level 1
 This function uses a non-reentrant model



MODULE INFORMATION

Module		Function		Class		Link	Load	Size
shared
		_display       		SMALLCONST     	0501	0000	11
		__initialization		CODE           	0536	0000	5

shared estimated size: 16

main.c
		_pic_isr       		CODE           	0018	0000	213
		_main          		CODE           	050C	0000	43

main.c estimated size: 256

